$ cargo install lychee
    Updating crates.io index
  Downloaded lychee v0.24.2
  Downloaded 1 crate (139.0KiB) in 0.23s
  Installing lychee v0.24.2
    Updating crates.io index
     Locking 479 packages to latest compatible versions
      Adding crypto-common v0.1.6 (available: v0.1.7)
  Downloaded arc-swap v1.9.1
  Downloaded const_format_proc_macros v0.2.34
  Downloaded pulldown-cmark-escape v0.11.0
  Downloaded clap_mangen v0.3.0
  Downloaded testing_table v0.3.0
  Downloaded zerofrom v0.1.8
  Downloaded dyn-clone v1.0.20
  Downloaded tagptr v0.2.0
  Downloaded console v0.16.3
  Downloaded strip-ansi-escapes v0.2.1
  Downloaded vte v0.14.1
  Downloaded web-time v1.1.0
  Downloaded psl-types v2.0.11
  Downloaded tabled_derive v0.11.0
  Downloaded cargo-platform v0.3.3
  Downloaded roff v1.1.1
  Downloaded either v1.16.0
  Downloaded string_cache_codegen v0.6.1
  Downloaded newtype-uuid v1.3.2
  Downloaded reqwest_cookie_store v0.10.0
  Downloaded csv-core v0.1.13
  Downloaded linkify v0.11.0
  Downloaded email_address v0.2.9
  Downloaded string_cache v0.9.0
  Downloaded snafu-derive v0.8.9
  Downloaded jetscii v0.5.3
  Downloaded critical-section v1.2.0
  Downloaded http-serde v2.1.1
  Downloaded shellexpand v3.1.2
  Downloaded rlimit v0.11.0
  Downloaded typed-builder-macro v0.23.2
  Downloaded pkcs1 v0.7.5
  Downloaded generic-array v0.14.9
  Downloaded bs58 v0.5.1
  Downloaded crossbeam-queue v0.3.12
  Downloaded autocfg v1.5.1
  Downloaded simple_asn1 v0.6.4
  Downloaded toml_datetime v1.1.1+spec-1.1.0
  Downloaded pem v3.0.6
  Downloaded bytecount v0.6.9
  Downloaded tendril v0.5.0
  Downloaded quanta v0.12.6
  Downloaded toml v1.1.2+spec-1.1.0
  Downloaded spinning_top v0.3.0
  Downloaded flume v0.10.14
  Downloaded cookie v0.18.1
  Downloaded konst v0.2.20
  Downloaded hyper-timeout v0.5.2
  Downloaded dashmap v6.2.1
  Downloaded cmake v0.1.58
  Downloaded snafu v0.8.9
  Downloaded numeric-sort v0.1.5
  Downloaded cc v1.2.62
  Downloaded schemars v1.2.1
  Downloaded supports-color v3.0.2
  Downloaded humantime-serde v1.1.1
  Downloaded headers-core v0.3.0
  Downloaded enum-as-inner v0.6.1
  Downloaded secrecy v0.10.3
  Downloaded schemars v0.9.0
  Downloaded web_atoms v0.2.4
  Downloaded resolv-conf v0.7.6
  Downloaded mailify-lib v0.2.0
  Downloaded futures-timer v3.0.4
  Downloaded pin-project-internal v1.1.13
  Downloaded markup5ever v0.39.0
  Downloaded rsa v0.9.10
  Downloaded publicsuffix v2.3.0
  Downloaded phf_codegen v0.13.1
  Downloaded nonzero_ext v0.3.0
  Downloaded nanorand v0.7.0
  Downloaded rustls-native-certs v0.8.3
  Downloaded papergrid v0.17.0
  Downloaded pulldown-cmark v0.13.4
  Downloaded serde_json v1.0.150
  Downloaded hickory-resolver v0.25.2
  Downloaded jsonwebtoken v10.4.0
  Downloaded winnow v1.0.3
  Downloaded governor v0.10.4
  Downloaded moka v0.12.15
  Downloaded tabled v0.20.0
  Downloaded typed-builder v0.23.2
  Downloaded reqwest v0.13.3
  Downloaded hickory-proto v0.25.2
  Downloaded aws-lc-rs v1.17.0
  Downloaded clap_complete v4.6.5
  Downloaded octocrab v0.49.9
  Downloaded par-stream v0.10.2
  Downloaded async-smtp v0.10.2
  Downloaded lychee-lib v0.24.2
  Downloaded tower-http v0.6.11
  Downloaded serde_with_macros v3.20.0
  Downloaded serde_with v3.20.0
  Downloaded html5gum v0.8.3
  Downloaded csv v1.4.0
  Downloaded tokio v1.52.3
  Downloaded ip_network v0.4.1
  Downloaded konst_macro_rules v0.2.19
  Downloaded const_format v0.2.36
  Downloaded rustls-platform-verifier v0.7.0
  Downloaded quick-junit v0.6.0
  Downloaded html5ever v0.39.0
  Downloaded pin-project v1.1.13
  Downloaded headers v0.4.1
  Downloaded assert-json-diff v2.0.2
  Downloaded aws-lc-sys v0.41.0
  Downloaded cookie_store v0.22.1
  Downloaded 107 crates (16.5MiB) in 2.32s (largest was `aws-lc-sys` at 9.1MiB)
   Compiling proc-macro2 v1.0.106
   Compiling quote v1.0.45
   Compiling unicode-ident v1.0.24
   Compiling libc v0.2.186
   Compiling cfg-if v1.0.4
   Compiling memchr v2.8.0
   Compiling smallvec v1.15.1
   Compiling scopeguard v1.2.0
   Compiling lock_api v0.4.14
   Compiling version_check v0.9.5
   Compiling parking_lot_core v0.9.12
   Compiling serde_core v1.0.228
   Compiling subtle v2.6.1
   Compiling portable-atomic v1.13.1
   Compiling pin-project-lite v0.2.17
   Compiling futures-core v0.3.32
   Compiling bytes v1.11.1
   Compiling generic-array v0.14.9
   Compiling log v0.4.29
   Compiling itoa v1.0.18
   Compiling critical-section v1.2.0
   Compiling const-oid v0.9.6
   Compiling typenum v1.20.0
   Compiling serde v1.0.228
   Compiling futures-sink v0.3.32
   Compiling stable_deref_trait v1.2.1
   Compiling shlex v1.3.0
   Compiling find-msvc-tools v0.1.9
   Compiling slab v0.4.12
   Compiling getrandom v0.2.17
   Compiling errno v0.3.14
   Compiling signal-hook-registry v1.4.8
   Compiling parking_lot v0.12.5
   Compiling mio v1.2.0
   Compiling socket2 v0.6.3
   Compiling syn v2.0.117
   Compiling once_cell v1.21.4
   Compiling jobserver v0.1.34
   Compiling futures-channel v0.3.32
   Compiling cc v1.2.62
   Compiling rand_core v0.6.4
   Compiling futures-io v0.3.32
   Compiling core-foundation-sys v0.8.7
   Compiling futures-task v0.3.32
   Compiling base64ct v1.8.3
   Compiling litemap v0.8.2
   Compiling writeable v0.6.3
   Compiling icu_properties_data v2.2.0
   Compiling zmij v1.0.21
   Compiling pem-rfc7468 v0.7.0
   Compiling percent-encoding v2.3.2
   Compiling icu_normalizer_data v2.2.0
   Compiling equivalent v1.0.2
   Compiling utf8_iter v1.0.4
   Compiling heck v0.5.0
   Compiling crossbeam-utils v0.8.21
   Compiling thiserror v2.0.18
   Compiling zerocopy v0.8.48
   Compiling cmake v0.1.58
   Compiling tracing-core v0.1.36
   Compiling http v1.4.0
   Compiling fs_extra v1.3.0
   Compiling dunce v1.0.5
   Compiling aws-lc-sys v0.41.0
   Compiling autocfg v1.5.1
   Compiling libm v0.2.16
   Compiling num-traits v0.2.19
   Compiling bitflags v2.11.1
   Compiling base64 v0.22.1
   Compiling aws-lc-rs v1.17.0
   Compiling semver v1.0.28
   Compiling synstructure v0.13.2
   Compiling form_urlencoded v1.2.2
   Compiling hashbrown v0.17.1
   Compiling fnv v1.0.7
   Compiling http-body v1.0.1
   Compiling untrusted v0.9.0
   Compiling getrandom v0.3.4
   Compiling num-conv v0.2.2
   Compiling indexmap v2.14.0
   Compiling crc32fast v1.5.0
   Compiling system-configuration-sys v0.6.0
   Compiling ipnet v2.12.0
   Compiling powerfmt v0.2.0
   Compiling siphasher v1.0.3
   Compiling time-core v0.1.8
   Compiling httparse v1.10.1
   Compiling time-macros v0.2.27
   Compiling phf_shared v0.13.1
   Compiling zeroize_derive v1.4.3
   Compiling serde_derive v1.0.228
   Compiling zerofrom-derive v0.1.7
   Compiling yoke-derive v0.8.2
   Compiling zeroize v1.8.2
   Compiling zerovec-derive v0.11.3
   Compiling tokio-macros v2.7.0
   Compiling displaydoc v0.2.5
   Compiling futures-macro v0.3.32
   Compiling zerofrom v0.1.8
   Compiling yoke v0.8.2
   Compiling der v0.7.10
   Compiling tokio v1.52.3
   Compiling crypto-common v0.1.6
   Compiling block-buffer v0.10.4
   Compiling digest v0.10.7
   Compiling futures-util v0.3.32
   Compiling zerotrie v0.2.4
   Compiling zerovec v0.11.6
   Compiling tracing-attributes v0.1.31
   Compiling spki v0.7.3
   Compiling thiserror-impl v2.0.18
   Compiling tracing v0.1.44
   Compiling tinystr v0.8.3
   Compiling icu_locale_core v2.2.0
   Compiling potential_utf v0.1.5
   Compiling pkcs8 v0.10.2
   Compiling icu_collections v2.2.0
   Compiling ppv-lite86 v0.2.21
   Compiling hmac v0.12.1
   Compiling icu_provider v2.2.0
   Compiling icu_properties v2.2.0
   Compiling icu_normalizer v2.2.0
   Compiling rustls-pki-types v1.14.1
   Compiling signature v2.2.0
   Compiling deranged v0.5.8
   Compiling idna_adapter v1.2.2
   Compiling idna v1.1.0
   Compiling tokio-util v0.7.18
   Compiling url v2.5.8
   Compiling ff v0.13.1
   Compiling cpufeatures v0.2.17
   Compiling rustls v0.23.40
   Compiling try-lock v0.2.5
   Compiling simd-adler32 v0.3.9
   Compiling fastrand v2.4.1
   Compiling base16ct v0.2.0
   Compiling getrandom v0.4.2
   Compiling atomic-waker v1.1.2
   Compiling tower-service v0.3.3
   Compiling serde_json v1.0.150
   Compiling adler2 v2.0.1
   Compiling miniz_oxide v0.8.9
   Compiling h2 v0.4.14
   Compiling sec1 v0.7.3
   Compiling phf_generator v0.13.1
   Compiling time v0.3.47
   Compiling want v0.3.1
   Compiling group v0.13.0
   Compiling hkdf v0.12.4
   Compiling crypto-bigint v0.5.5
   Compiling num-integer v0.1.46
   Compiling crossbeam-epoch v0.9.18
   Compiling core-foundation v0.10.1
   Compiling security-framework-sys v2.17.0
   Compiling core-foundation v0.9.4
   Compiling spin v0.9.8
   Compiling unicode-width v0.2.2
   Compiling system-configuration v0.7.0
   Compiling security-framework v3.7.0
   Compiling flate2 v1.1.9
   Compiling elliptic-curve v0.13.8
   Compiling rand_core v0.9.5
   Compiling pin-project-internal v1.1.13
   Compiling rustc_version v0.4.1
   Compiling hyper v1.9.0
   Compiling aho-corasick v1.1.4
   Compiling utf8parse v0.2.2
   Compiling regex-syntax v0.8.10
   Compiling camino v1.2.2
   Compiling compression-core v0.4.32
   Compiling compression-codecs v0.4.38
   Compiling regex-automata v0.4.14
   Compiling hyper-util v0.1.20
   Compiling anstyle-parse v1.0.0
   Compiling pin-project v1.1.13
   Compiling curve25519-dalek v4.1.3
   Compiling uuid v1.23.1
   Compiling rand_chacha v0.9.0
   Compiling string_cache_codegen v0.6.1
   Compiling phf_codegen v0.13.1
   Compiling sha2 v0.10.9
   Compiling futures-executor v0.3.32
   Compiling rfc6979 v0.4.0
   Compiling rand_chacha v0.3.1
   Compiling crossbeam-channel v0.5.15
   Compiling sync_wrapper v1.0.2
   Compiling cookie v0.18.1
   Compiling anstyle-query v1.1.5
   Compiling new_debug_unreachable v1.0.6
   Compiling num-bigint-dig v0.8.6
   Compiling colorchoice v1.0.5
   Compiling tower-layer v0.3.3
   Compiling strsim v0.11.1
   Compiling anstyle v1.0.14
   Compiling is_terminal_polyfill v1.70.2
   Compiling ident_case v1.0.1
   Compiling darling_core v0.23.0
   Compiling tower v0.5.3
   Compiling anstream v1.0.0
   Compiling rand v0.8.6
   Compiling futures v0.3.32
   Compiling ecdsa v0.16.9
   Compiling web_atoms v0.2.4
   Compiling rand v0.9.4
   Compiling async-compression v0.4.42
   Compiling rustls-native-certs v0.8.3
   Compiling primeorder v0.13.6
   Compiling lazy_static v1.5.0
   Compiling num-iter v0.1.45
   Compiling async-trait v0.1.89
   Compiling http-body-util v0.1.3
   Compiling cargo-platform v0.3.3
   Compiling syn v1.0.109
   Compiling psl-types v2.0.11
   Compiling tinyvec_macros v0.1.1
   Compiling anyhow v1.0.102
   Compiling precomputed-hash v0.1.1
   Compiling hashbrown v0.14.5
   Compiling litrs v1.0.0
   Compiling rustversion v1.0.22
   Compiling darling_macro v0.23.0
   Compiling document-features v0.2.12
   Compiling string_cache v0.9.0
   Compiling publicsuffix v2.3.0
   Compiling tinyvec v1.11.0
   Compiling tower-http v0.6.11
   Compiling cargo_metadata v0.23.1
   Compiling phf v0.13.1
   Compiling crossbeam-deque v0.8.6
   Compiling num-bigint v0.4.6
   Compiling ed25519 v2.2.3
   Compiling pkcs1 v0.7.5
   Compiling enum-as-inner v0.6.1
   Compiling ring v0.17.14
   Compiling iana-time-zone v0.1.65
   Compiling clap_lex v1.1.0
   Compiling mime v0.3.17
   Compiling option-ext v0.2.0
   Compiling data-encoding v2.11.0
   Compiling utf-8 v0.7.6
   Compiling jetscii v0.5.3
   Compiling ryu v1.0.23
   Compiling tagptr v0.2.0
   Compiling moka v0.12.15
   Compiling tendril v0.5.0
   Compiling hickory-proto v0.25.2
   Compiling dirs-sys v0.5.0
   Compiling clap_builder v4.6.0
   Compiling simple_asn1 v0.6.4
   Compiling chrono v0.4.44
   Compiling rsa v0.9.10
   Compiling octocrab v0.49.9
   Compiling ed25519-dalek v2.2.0
   Compiling cookie_store v0.22.1
   Compiling darling v0.23.0
   Compiling p256 v0.13.2
   Compiling p384 v0.13.1
   Compiling regex v1.12.3
   Compiling clap_derive v4.6.1
   Compiling snafu-derive v0.8.9
   Compiling pem v3.0.6
   Compiling crossbeam-queue v0.3.12
   Compiling proc-macro-error-attr2 v2.0.0
   Compiling nanorand v0.7.0
   Compiling nom v8.0.0
   Compiling bstr v1.12.1
   Compiling encoding_rs v0.8.35
   Compiling same-file v1.0.6
   Compiling allocator-api2 v0.2.21
   Compiling winnow v1.0.3
   Compiling resolv-conf v0.7.6
   Compiling web-time v1.1.0
   Compiling foldhash v0.2.0
   Compiling pulldown-cmark v0.13.4
   Compiling hashbrown v0.16.1
   Compiling hickory-resolver v0.25.2
   Compiling toml_parser v1.1.2+spec-1.1.0
   Compiling walkdir v2.5.0
   Compiling async-smtp v0.10.2
   Compiling snafu v0.8.9
   Compiling globset v0.4.18
   Compiling proc-macro-error2 v2.0.1
   Compiling flume v0.10.14
   Compiling crossbeam v0.8.4
   Compiling clap v4.6.1
   Compiling jsonwebtoken v10.4.0
   Compiling derivative v2.2.0
   Compiling arc-swap v1.9.1
   Compiling serde_with_macros v3.20.0
   Compiling markup5ever v0.39.0
   Compiling dirs v6.0.0
   Compiling serde_urlencoded v0.7.1
   Compiling dashmap v6.2.1
   Compiling dashmap v5.5.3
   Compiling hyper-timeout v0.5.2
   Compiling getopts v0.2.24
   Compiling sha1 v0.10.6
   Compiling secrecy v0.10.3
   Compiling strum_macros v0.28.0
   Compiling typed-builder-macro v0.23.2
   Compiling async-stream-impl v0.3.6
   Compiling headers-core v0.3.0
   Compiling quanta v0.12.6
   Compiling toml_datetime v1.1.1+spec-1.1.0
   Compiling serde_spanned v1.1.1
   Compiling serde_path_to_error v0.1.20
   Compiling num_cpus v1.17.0
   Compiling vte v0.14.1
   Compiling spinning_top v0.3.0
   Compiling by_address v1.2.1
   Compiling pulldown-cmark-escape v0.11.0
   Compiling httpdate v1.0.3
   Compiling futures-timer v3.0.4
   Compiling bytecount v0.6.9
   Compiling nonzero_ext v0.3.0
   Compiling rlimit v0.11.0
   Compiling unicase v2.9.0
   Compiling konst_macro_rules v0.2.19
   Compiling unicode-xid v0.2.6
   Compiling humantime v2.3.0
   Compiling either v1.16.0
   Compiling toml_writer v1.1.1+spec-1.1.0
   Compiling strum v0.28.0
   Compiling toml v1.1.2+spec-1.1.0
   Compiling humantime-serde v1.1.1
   Compiling const_format_proc_macros v0.2.34
   Compiling konst v0.2.20
   Compiling governor v0.10.4
   Compiling papergrid v0.17.0
   Compiling headers v0.4.1
   Compiling par-stream v0.10.2
   Compiling typed-builder v0.23.2
   Compiling strip-ansi-escapes v0.2.1
   Compiling async-stream v0.3.6
   Compiling serde_with v3.20.0
   Compiling html5gum v0.8.3
   Compiling shellexpand v3.1.2
   Compiling html5ever v0.39.0
   Compiling tabled_derive v0.11.0
   Compiling ignore v0.4.25
   Compiling mailify-lib v0.2.0
   Compiling env_filter v1.0.1
   Compiling newtype-uuid v1.3.2
   Compiling console v0.16.3
   Compiling testing_table v0.3.0
   Compiling email_address v0.2.9
   Compiling quick-xml v0.38.4
   Compiling csv-core v0.1.13
   Compiling linkify v0.11.0
   Compiling quick-xml v0.39.4
   Compiling ip_network v0.4.1
   Compiling lychee v0.24.2
   Compiling jiff v0.2.24
   Compiling is_ci v1.2.0
   Compiling glob v0.3.3
   Compiling roff v1.1.1
   Compiling unit-prefix v0.5.2
   Compiling indicatif v0.18.4
   Compiling clap_mangen v0.3.0
   Compiling supports-color v3.0.2
   Compiling quick-junit v0.6.0
   Compiling csv v1.4.0
   Compiling tabled v0.20.0
   Compiling env_logger v0.11.10
   Compiling const_format v0.2.36
   Compiling clap_complete v4.6.5
   Compiling assert-json-diff v2.0.2
   Compiling tokio-stream v0.1.18
   Compiling http-serde v2.1.1
   Compiling numeric-sort v0.1.5
   Compiling rustls-webpki v0.103.13
   Compiling tokio-rustls v0.26.4
   Compiling rustls-platform-verifier v0.7.0
   Compiling hyper-rustls v0.27.9
   Compiling reqwest v0.13.3
   Compiling reqwest_cookie_store v0.10.0
   Compiling lychee-lib v0.24.2
    Finished `release` profile [optimized] target(s) in 1m 56s
  Installing /Users/zach/.cargo/bin/lychee
   Installed package `lychee v0.24.2` (executable `lychee`)
